
=== best seed per cell: worst Hamiltonian cell vs best direct cell, per duplex
L12 ACTTGACAGTCA       ham 0.80-1.55  direct 1.78-2.86  all32<all8: True   n_ham_cells_below_best_direct: 32/32
L12 ATATATATATAT       ham 0.75-4.02  direct 1.57-2.85  all32<all8: False   n_ham_cells_below_best_direct: 10/32
L12 GGGGGGGGGGGG       ham 1.35-5.13  direct 1.38-2.96  all32<all8: False   n_ham_cells_below_best_direct: 1/32
L12 GTCAGGATCTGA       ham 1.23-1.78  direct 2.14-2.69  all32<all8: True   n_ham_cells_below_best_direct: 32/32
L16 GGATAGGCTTAGAATT   ham 0.62-1.12  direct 3.14-5.00  all32<all8: True   n_ham_cells_below_best_direct: 32/32
L16 GGGGGGGGGGGGGGGG   ham 2.07-6.31  direct 2.21-4.48  all32<all8: False   n_ham_cells_below_best_direct: 1/32
L16 GTCAGGATCTGACAGT   ham 1.39-2.14  direct 2.96-3.95  all32<all8: True   n_ham_cells_below_best_direct: 32/32
L16 TCAGTGCTAAGTCATG   ham 0.91-1.62  direct 3.04-4.42  all32<all8: True   n_ham_cells_below_best_direct: 32/32

=== mean seed per cell: worst Hamiltonian cell vs best direct cell, per duplex
L12 ACTTGACAGTCA       ham 0.94-2.01  direct 2.03-4.70  all32<all8: True   n_ham_cells_below_best_direct: 32/32
L12 ATATATATATAT       ham 1.75-4.46  direct 1.73-4.38  all32<all8: False   n_ham_cells_below_best_direct: 0/32
L12 GGGGGGGGGGGG       ham 2.69-5.19  direct 1.71-4.06  all32<all8: False   n_ham_cells_below_best_direct: 0/32
L12 GTCAGGATCTGA       ham 1.28-1.87  direct 2.27-4.64  all32<all8: True   n_ham_cells_below_best_direct: 32/32
L16 GGATAGGCTTAGAATT   ham 0.81-1.39  direct 3.37-7.12  all32<all8: True   n_ham_cells_below_best_direct: 32/32
L16 GGGGGGGGGGGGGGGG   ham 3.55-6.83  direct 2.62-5.86  all32<all8: False   n_ham_cells_below_best_direct: 0/32
L16 GTCAGGATCTGACAGT   ham 1.39-2.43  direct 3.07-6.42  all32<all8: True   n_ham_cells_below_best_direct: 32/32
L16 TCAGTGCTAAGTCATG   ham 1.01-1.93  direct 3.22-6.92  all32<all8: True   n_ham_cells_below_best_direct: 32/32

=== figure cells, best seed per duplex
cell                     dos/n0/L2/g0  ldosonly/n2/L4/g0
length sequence                                         
12     ACTTGACAGTCA              1.99               1.10
       ATATATATATAT              1.77               0.75
       GGGGGGGGGGGG              1.91               1.35
       GTCAGGATCTGA              2.42               1.30
16     GGATAGGCTTAGAATT          3.27               1.00
       GGGGGGGGGGGGGGGG          2.73               2.07
       GTCAGGATCTGACAGT          3.14               1.49
       TCAGTGCTAAGTCATG          3.17               1.11
